// Jest Snapshot v1, https://goo.gl/fbAQLP

exports[`renders ForeCastContainer correctly  1`] = `
<div>
  <h4>
    City of London Min/Max Temperature Forecast
  </h4>
  <div
    className="row"
  >
    <div
      className="forecast-item col"
    >
      <div>
        <h5>
          Sunday
        </h5>
      </div>
      <div>
        Min Temp.
        :
        12.5
      </div>
      <div>
         
        Max Temp.
        :
        32.5
      </div>
    </div>
  </div>
</div>
`;
